[GIN-debug] [WARNING] Creating an Engine instance with the Logger and Recovery middleware already attached.

[GIN-debug] [WARNING] Running in "debug" mode. Switch to "release" mode in production.
 - using env:	export GIN_MODE=release
 - using code:	gin.SetMode(gin.ReleaseMode)

[GIN-debug] POST   /api/register             --> koperasi-service/internal/handler.(*AuthHandler).Register-fm (5 handlers)
[GIN-debug] POST   /api/login                --> koperasi-service/internal/handler.(*AuthHandler).Login-fm (5 handlers)
[GIN-debug] POST   /api/forgot-password      --> koperasi-service/internal/handler.(*AuthHandler).ForgotPassword-fm (5 handlers)
[GIN-debug] GET    /api/me                   --> koperasi-service/internal/handler.(*AuthHandler).Me-fm (6 handlers)
[GIN-debug] PUT    /api/me/profile           --> koperasi-service/internal/handler.(*AuthHandler).UpdateProfile-fm (6 handlers)
[GIN-debug] PUT    /api/me/password          --> koperasi-service/internal/handler.(*AuthHandler).ChangePassword-fm (6 handlers)
[GIN-debug] POST   /api/change-password      --> koperasi-service/internal/handler.(*AuthHandler).ChangePassword-fm (6 handlers)
[GIN-debug] GET    /api/users                --> koperasi-service/internal/handler.(*UserHandler).List-fm (6 handlers)
[GIN-debug] POST   /api/users                --> koperasi-service/internal/handler.(*UserHandler).Create-fm (6 handlers)
[GIN-debug] GET    /api/users/:id            --> koperasi-service/internal/handler.(*UserHandler).Detail-fm (6 handlers)
[GIN-debug] PUT    /api/users/:id            --> koperasi-service/internal/handler.(*UserHandler).Update-fm (6 handlers)
[GIN-debug] DELETE /api/users/:id            --> koperasi-service/internal/handler.(*UserHandler).Delete-fm (6 handlers)
[GIN-debug] GET    /api/simpanan/wallets     --> koperasi-service/internal/handler.(*SimpananHandler).GetWallets-fm (6 handlers)
[GIN-debug] GET    /api/simpanan/wallets/all --> koperasi-service/internal/handler.(*SimpananHandler).GetAllWallets-fm (6 handlers)
[GIN-debug] POST   /api/simpanan/topup       --> koperasi-service/internal/handler.(*SimpananHandler).TopupWallet-fm (6 handlers)
[GIN-debug] GET    /api/simpanan/:id         --> koperasi-service/internal/handler.(*SimpananHandler).GetWalletDetail-fm (6 handlers)
[GIN-debug] GET    /api/simpanan/:id/transactions --> koperasi-service/internal/handler.(*SimpananHandler).GetWalletTransactions-fm (6 handlers)
[GIN-debug] PUT    /api/simpanan/:id/adjust  --> koperasi-service/internal/handler.(*SimpananHandler).AdjustWallet-fm (6 handlers)
[GIN-debug] GET    /api/simpanan/transactions/pending --> koperasi-service/internal/handler.(*SimpananHandler).GetPendingTransactions-fm (6 handlers)
[GIN-debug] PUT    /api/simpanan/transactions/:id/verify --> koperasi-service/internal/handler.(*SimpananHandler).VerifyTransaction-fm (6 handlers)
[GIN-debug] POST   /api/bunga-options        --> koperasi-service/internal/handler.(*BungaOptionHandler).Create-fm (6 handlers)
[GIN-debug] GET    /api/bunga-options        --> koperasi-service/internal/handler.(*BungaOptionHandler).List-fm (6 handlers)
[GIN-debug] GET    /api/bunga-options/:id    --> koperasi-service/internal/handler.(*BungaOptionHandler).Detail-fm (6 handlers)
[GIN-debug] PUT    /api/bunga-options/:id    --> koperasi-service/internal/handler.(*BungaOptionHandler).Update-fm (6 handlers)
[GIN-debug] DELETE /api/bunga-options/:id    --> koperasi-service/internal/handler.(*BungaOptionHandler).Delete-fm (6 handlers)
[GIN-debug] PUT    /api/bunga-options/:id/status --> koperasi-service/internal/handler.(*BungaOptionHandler).SetActive-fm (6 handlers)
[GIN-debug] POST   /api/pinjaman             --> koperasi-service/internal/handler.(*PinjamanHandler).Create-fm (6 handlers)
[GIN-debug] GET    /api/pinjaman             --> koperasi-service/internal/handler.(*PinjamanHandler).List-fm (6 handlers)
[GIN-debug] GET    /api/pinjaman/:id         --> koperasi-service/internal/handler.(*PinjamanHandler).Detail-fm (6 handlers)
[GIN-debug] PUT    /api/pinjaman/:id         --> koperasi-service/internal/handler.(*PinjamanHandler).Update-fm (6 handlers)
[GIN-debug] DELETE /api/pinjaman/:id         --> koperasi-service/internal/handler.(*PinjamanHandler).Delete-fm (6 handlers)
[GIN-debug] PUT    /api/pinjaman/:id/approve --> koperasi-service/internal/handler.(*PinjamanHandler).Approve-fm (6 handlers)
[GIN-debug] PUT    /api/pinjaman/:id/reject  --> koperasi-service/internal/handler.(*PinjamanHandler).Reject-fm (6 handlers)
[GIN-debug] POST   /api/angsuran             --> koperasi-service/internal/handler.(*AngsuranHandler).Create-fm (6 handlers)
[GIN-debug] GET    /api/angsuran             --> koperasi-service/internal/handler.(*AngsuranHandler).List-fm (6 handlers)
[GIN-debug] GET    /api/angsuran/:id         --> koperasi-service/internal/handler.(*AngsuranHandler).Detail-fm (6 handlers)
[GIN-debug] PUT    /api/angsuran/:id         --> koperasi-service/internal/handler.(*AngsuranHandler).Update-fm (6 handlers)
[GIN-debug] DELETE /api/angsuran/:id         --> koperasi-service/internal/handler.(*AngsuranHandler).Delete-fm (6 handlers)
[GIN-debug] PUT    /api/angsuran/:id/verify  --> koperasi-service/internal/handler.(*AngsuranHandler).Verify-fm (6 handlers)
[GIN-debug] GET    /api/angsuran/pending     --> koperasi-service/internal/handler.(*AngsuranHandler).GetPendingPayments-fm (6 handlers)
[GIN-debug] POST   /api/shu/generate         --> koperasi-service/internal/handler.(*SHUHandler).GenerateReport-fm (6 handlers)
[GIN-debug] POST   /api/shu/generate-auto    --> koperasi-service/internal/handler.(*SHUHandler).GenerateReportWithExpenses-fm (6 handlers)
[GIN-debug] POST   /api/shu/save-auto        --> koperasi-service/internal/handler.(*SHUHandler).SaveSHUWithExpenses-fm (6 handlers)
[GIN-debug] POST   /api/shu                  --> koperasi-service/internal/handler.(*SHUHandler).SaveSHU-fm (6 handlers)
[GIN-debug] GET    /api/shu                  --> koperasi-service/internal/handler.(*SHUHandler).List-fm (6 handlers)
[GIN-debug] GET    /api/shu/:id              --> koperasi-service/internal/handler.(*SHUHandler).Detail-fm (6 handlers)
[GIN-debug] PUT    /api/shu/:id              --> koperasi-service/internal/handler.(*SHUHandler).Update-fm (6 handlers)
[GIN-debug] DELETE /api/shu/:id              --> koperasi-service/internal/handler.(*SHUHandler).Delete-fm (6 handlers)
[GIN-debug] GET    /api/shu/year/:tahun      --> koperasi-service/internal/handler.(*SHUHandler).GetByTahun-fm (6 handlers)
[GIN-debug] POST   /api/shu/user/:user_id/generate --> koperasi-service/internal/handler.(*SHUHandler).GenerateUserSHU-fm (6 handlers)
[GIN-debug] POST   /api/shu-anggota/user/:user_id/save --> koperasi-service/internal/handler.(*SHUAnggotaHandler).SaveUserSHU-fm (6 handlers)
[GIN-debug] GET    /api/shu-anggota/user/:user_id/:tahun --> koperasi-service/internal/handler.(*SHUAnggotaHandler).GetUserSHU-fm (6 handlers)
[GIN-debug] GET    /api/shu-anggota/user/:user_id/history --> koperasi-service/internal/handler.(*SHUAnggotaHandler).GetUserSHUHistory-fm (6 handlers)
[GIN-debug] GET    /api/shu-anggota          --> koperasi-service/internal/handler.(*SHUAnggotaHandler).List-fm (6 handlers)
[GIN-debug] GET    /api/shu-anggota/shu/:shu_id --> koperasi-service/internal/handler.(*SHUAnggotaHandler).GetBySHUID-fm (6 handlers)
[GIN-debug] DELETE /api/shu-anggota/:id      --> koperasi-service/internal/handler.(*SHUAnggotaHandler).Delete-fm (6 handlers)
[GIN-debug] GET    /api/transactions         --> koperasi-service/internal/handler.(*AuditTrailHandler).GetTransactionHistory-fm (6 handlers)
[GIN-debug] GET    /api/transactions/:id     --> koperasi-service/internal/handler.(*AuditTrailHandler).GetTransactionDetail-fm (6 handlers)
[GIN-debug] GET    /api/transactions/user/:user_id --> koperasi-service/internal/handler.(*AuditTrailHandler).GetUserTransactions-fm (6 handlers)
[GIN-debug] GET    /api/transactions/summary --> koperasi-service/internal/handler.(*AuditTrailHandler).GetFinancialSummary-fm (6 handlers)
[GIN-debug] POST   /api/reports/financial    --> koperasi-service/internal/handler.(*AuditTrailHandler).GenerateFinancialReport-fm (6 handlers)
[GIN-debug] GET    /api/reports/financial    --> koperasi-service/internal/handler.(*AuditTrailHandler).GenerateFinancialReportGET-fm (6 handlers)
[GIN-debug] GET    /api/audit-trails         --> koperasi-service/internal/handler.(*AuditTrailHandler).GetAuditTrails-fm (6 handlers)
[GIN-debug] GET    /api/audit-trails/:id     --> koperasi-service/internal/handler.(*AuditTrailHandler).GetAuditTrailDetail-fm (6 handlers)
[GIN-debug] GET    /api/audit-trails/user/:user_id --> koperasi-service/internal/handler.(*AuditTrailHandler).GetUserActivity-fm (6 handlers)
[GIN-debug] GET    /api/audit-trails/system  --> koperasi-service/internal/handler.(*AuditTrailHandler).GetSystemActivity-fm (6 handlers)
[GIN-debug] GET    /api/audit-trails/summary --> koperasi-service/internal/handler.(*AuditTrailHandler).GetAuditSummary-fm (6 handlers)
2025/11/19 14:33:39 Server running on port 8080
[GIN-debug] [WARNING] You trusted all proxies, this is NOT safe. We recommend you to set a value.
Please check https://pkg.go.dev/github.com/gin-gonic/gin#readme-don-t-trust-all-proxies for details.
[GIN-debug] Listening and serving HTTP on :8080
[2025-11-19T14:36:48+07:00] PUT /api/me/password 400 39.012875ms
[GIN] 2025/11/19 - 14:36:48 | 400 |   39.487625ms |             ::1 | PUT      "/api/me/password"
[2025-11-19T14:37:06+07:00] PUT /api/me/password 200 147.8125ms
[GIN] 2025/11/19 - 14:37:06 | 200 |  148.027542ms |             ::1 | PUT      "/api/me/password"
[2025-11-19T14:37:16+07:00] POST /api/forgot-password 400 6.559458ms
[GIN] 2025/11/19 - 14:37:16 | 400 |       6.762ms |             ::1 | POST     "/api/forgot-password"
[2025-11-19T14:37:47+07:00] POST /api/forgot-password 200 77.76975ms
[GIN] 2025/11/19 - 14:37:47 | 200 |   78.108667ms |             ::1 | POST     "/api/forgot-password"
[2025-11-19T14:37:56+07:00] POST /api/login 200 62.773042ms
[GIN] 2025/11/19 - 14:37:56 | 200 |   65.614708ms |             ::1 | POST     "/api/login"
